// Jest Snapshot v1, https://goo.gl/fbAQLP

exports[`return content from Button matches snapshot 1`] = `
<div>
  <div>
    <button
      class="square"
      type="button"
    >
      8
    </button>
  </div>
</div>
`;
